// Jest Snapshot v1, https://goo.gl/fbAQLP

exports[`Given a WorkCard component When it is rendered Then it should show match the last snapshot 1`] = `
<View
  accessible={true}
  collapsable={false}
  focusable={false}
  nativeID="animatedComponent"
  onClick={[Function]}
  onResponderGrant={[Function]}
  onResponderMove={[Function]}
  onResponderRelease={[Function]}
  onResponderTerminate={[Function]}
  onResponderTerminationRequest={[Function]}
  onStartShouldSetResponder={[Function]}
  style={
    Object {
      "opacity": 1,
    }
  }
>
  <View
    style={
      Object {
        "borderColor": "#A19178",
        "borderWidth": 1,
        "margin": 10,
        "position": "relative",
      }
    }
  >
    <View
      style={
        Object {
          "position": "relative",
        }
      }
    >
      <Image
        source={
          Object {
            "uri": "https://storage.googleapis.com/unite-tattoo.appspot.com/Acuarela-1638119881947-.png",
          }
        }
        style={
          Object {
            "flex": 1,
            "height": 350,
          }
        }
      />
    </View>
    <View
      style={
        Object {
          "padding": 15,
        }
      }
    >
      <Text
        style={
          Object {
            "color": "#141414",
            "fontSize": 25,
            "fontWeight": "900",
            "textTransform": "uppercase",
          }
        }
      >
        Lobo
      </Text>
      <Text
        style={
          Object {
            "color": "#787878",
            "fontSize": 16,
            "fontWeight": "800",
            "textTransform": "uppercase",
          }
        }
      >
        Acuarela
      </Text>
      <Text
        style={
          Object {
            "color": "#787878",
            "fontSize": 18,
            "fontWeight": "200",
          }
        }
      >
        Lorem ipsum dolor sit amet, consectetur adipiscing elit. Sed felis magna, volutpat eget nulla in, consequat laoreet nisl. Integer faucibus elit sapien, sit amet volutpat libero congue non. Ut est erat, feugiat in feugiat sit amet, interdum at risus. Cras fringilla congue ipsum, vel vulputate diam fermentum vel. Mauris accumsan neque eget nisl consequat suscipit. Fusce aliquet mi quis mi condimentum egestas. Nunc gravida tempor commodo. Morbi gravida lectus quis augue faucibus ultricies. Fusce mi dui, interdum vitae scelerisque et, cursus id nisi.
      </Text>
    </View>
    <View
      style={
        Object {
          "position": "absolute",
          "right": 0,
          "top": 0,
        }
      }
    />
  </View>
</View>
`;
