// Jest Snapshot v1, https://goo.gl/fbAQLP

exports[`Given a CollectionCard component When it is rendered Then it should show match the last snapshot 1`] = `
<View
  accessible={true}
  collapsable={false}
  focusable={true}
  nativeID="animatedComponent"
  onClick={[Function]}
  onResponderGrant={[Function]}
  onResponderMove={[Function]}
  onResponderRelease={[Function]}
  onResponderTerminate={[Function]}
  onResponderTerminationRequest={[Function]}
  onStartShouldSetResponder={[Function]}
  style={
    Object {
      "opacity": 1,
    }
  }
>
  <View
    style={
      Object {
        "height": 300,
        "width": 170,
      }
    }
  >
    <View
      style={
        Object {
          "backgroundColor": "#DFD8D2",
          "borderRadius": 20,
          "flex": 1,
          "flexDirection": "column",
          "margin": 5,
          "padding": 10,
          "position": "relative",
        }
      }
    >
      <View
        style={
          Object {
            "alignContent": "center",
            "borderRadius": 20,
            "flex": 5,
            "height": 200,
            "justifyContent": "center",
          }
        }
      >
        <Image
          source={
            Object {
              "uri": "https://storage.googleapis.com/unite-tattoo.appspot.com/Acuarela-1638104950642-.png",
            }
          }
          style={
            Object {
              "borderRadius": 20,
              "flex": 5,
            }
          }
        />
      </View>
      <View
        style={
          Object {
            "flex": 1,
            "justifyContent": "flex-end",
          }
        }
      >
        <Text
          style={
            Object {
              "color": "#7C6B53",
              "fontSize": 20,
              "fontWeight": "800",
            }
          }
        >
          Acuarela
        </Text>
      </View>
      <View
        style={
          Object {
            "position": "absolute",
            "right": 0,
            "top": 0,
          }
        }
      >
        <View
          style={
            Object {
              "alignItems": "center",
            }
          }
        >
          <View
            accessible={true}
            collapsable={false}
            focusable={true}
            nativeID="animatedComponent"
            onClick={[Function]}
            onResponderGrant={[Function]}
            onResponderMove={[Function]}
            onResponderRelease={[Function]}
            onResponderTerminate={[Function]}
            onResponderTerminationRequest={[Function]}
            onStartShouldSetResponder={[Function]}
            style={
              Object {
                "backgroundColor": "#A19178",
                "borderBottomColor": "#DFD8D2",
                "borderBottomWidth": 2,
                "borderRadius": 5,
                "opacity": 1,
                "width": 80,
              }
            }
          >
            <Text
              style={
                Object {
                  "color": "#DFD8D2",
                  "fontSize": 18,
                  "padding": 5,
                  "textAlign": "center",
                }
              }
            >
              Editar
            </Text>
          </View>
          <View
            accessible={true}
            collapsable={false}
            focusable={true}
            nativeID="animatedComponent"
            onClick={[Function]}
            onResponderGrant={[Function]}
            onResponderMove={[Function]}
            onResponderRelease={[Function]}
            onResponderTerminate={[Function]}
            onResponderTerminationRequest={[Function]}
            onStartShouldSetResponder={[Function]}
            style={
              Object {
                "backgroundColor": "#A19178",
                "borderBottomColor": "#DFD8D2",
                "borderBottomWidth": 2,
                "borderRadius": 5,
                "opacity": 1,
                "width": 80,
              }
            }
          >
            <Text
              style={
                Object {
                  "color": "#DFD8D2",
                  "fontSize": 18,
                  "padding": 5,
                  "textAlign": "center",
                }
              }
            >
              Eliminar
            </Text>
          </View>
        </View>
      </View>
    </View>
  </View>
</View>
`;
